tile 0 "cmap, dark part of a room"
tile 1 "cmap, wall, vertical"
tile 2 "cmap, wall, horizontal"
tile 3 "cmap, wall, top left corner"
tile 4 "cmap, wall, top right corner"
tile 5 "cmap, wall, bottom left corner"
tile 6 "cmap, wall, bottom right corner"
tile 7 "cmap, wall, crosswall"
tile 8 "cmap, wall, tee up"
tile 9 "cmap, wall, tee down"
tile 10 "cmap, wall, tee left"
tile 11 "cmap, wall, tee right"
tile 12 "cmap, door, doorway"
tile 13 "cmap, door, vertical open door"
tile 14 "cmap, door, horizontal open door"
tile 15 "cmap, door, vertical closed door"
tile 16 "cmap, door, horizontal closed door"
tile 17 "cmap, iron bars"
tile 18 "cmap, tree"
tile 19 "cmap, floor of a room"
tile 20 "cmap, corridor"
tile 21 "cmap, lit corridor"
tile 22 "cmap, staircase up"
tile 23 "cmap, staircase down"
tile 24 "cmap, ladder up"
tile 25 "cmap, ladder down"
tile 26 "cmap, altar"
tile 27 "cmap, grave"
tile 28 "cmap, opulent throne"
tile 29 "cmap, sink"
tile 30 "cmap, toilet"
tile 31 "cmap, fountain"
tile 32 "cmap, pool"
tile 33 "cmap, ice"
tile 34 "cmap, molten lava"
tile 35 "cmap, sparkling water"
tile 36 "cmap, boiling blood"
tile 37 "cmap, lowered drawbridge, vertical"
tile 38 "cmap, lowered drawbridge, horizontal"
tile 39 "cmap, raised drawbridge, vertical"
tile 40 "cmap, raised drawbridge, horizontal"
tile 41 "cmap, air"
tile 42 "cmap, cloud"
tile 43 "cmap, water"
tile 44 "cmap, trap, arrow trap"
tile 45 "cmap, trap, dart trap"
tile 46 "cmap, trap, falling rock trap"
tile 47 "cmap, trap, squeaky board"
tile 48 "cmap, trap, bear trap"
tile 49 "cmap, trap, land mine"
tile 50 "cmap, trap, rolling boulder trap"
tile 51 "cmap, trap, sleeping gas trap"
tile 52 "cmap, trap, rust trap"
tile 53 "cmap, trap, fire trap"
tile 54 "cmap, trap, pit"
tile 55 "cmap, trap, spiked pit"
tile 56 "cmap, trap, hole"
tile 57 "cmap, trap, trap door"
tile 58 "cmap, trap, teleportation trap"
tile 59 "cmap, trap, level teleporter"
tile 60 "cmap, trap, magic portal"
tile 61 "cmap, trap, web"
tile 62 "cmap, trap, statue trap"
tile 63 "cmap, trap, magic trap"
tile 64 "cmap, trap, anti-magic field"
tile 65 "cmap, trap, polymorph trap"
tile 66 "cmap, effect, vertical beam"
tile 67 "cmap, effect, horizontal beam"
tile 68 "cmap, effect, left slant beam"
tile 69 "cmap, effect, right slant beam"
tile 70 "cmap, effect, dig beam"
tile 71 "cmap, effect, camera flash"
tile 72 "cmap, effect, thrown boomerang, open left"
tile 73 "cmap, effect, thrown boomerang, open right"
tile 74 "cmap, effect, magic shield 1"
tile 75 "cmap, effect, magic shield 2"
tile 76 "cmap, effect, magic shield 3"
tile 77 "cmap, effect, magic shield 4"
tile 78 "cmap, swallow, top left / monster, *, swallow, top left"
tile 79 "cmap, swallow, top center / monster, *, swallow, top center"
tile 80 "cmap, swallow, top right / monster, *, swallow, top right"
tile 81 "cmap, swallow, middle left / monster, *, swallow, middle left"
tile 82 "cmap, swallow, middle right / monster, *, swallow, middle right"
tile 83 "cmap, swallow, bottom left / monster, *, swallow, bottom left"
tile 84 "cmap, swallow, bottom center / monster, *, swallow, bottom center"
tile 85 "cmap, swallow, bottom right / monster, *, swallow, bottom right"
tile 86 "explosion, dark, top left"
tile 87 "explosion, dark, top center"
tile 88 "explosion, dark, top right"
tile 89 "explosion, dark, middle left"
tile 90 "explosion, dark, middle center"
tile 91 "explosion, dark, middle right"
tile 92 "explosion, dark, bottom left"
tile 93 "explosion, dark, bottom center"
tile 94 "explosion, dark, bottom right"
tile 95 "explosion, noxious, top left"
tile 96 "explosion, noxious, top center"
tile 97 "explosion, noxious, top right"
tile 98 "explosion, noxious, middle left"
tile 99 "explosion, noxious, middle center"
tile 100 "explosion, noxious, middle right"
tile 101 "explosion, noxious, bottom left"
tile 102 "explosion, noxious, bottom center"
tile 103 "explosion, noxious, bottom right"
tile 104 "explosion, muddy, top left"
tile 105 "explosion, muddy, top center"
tile 106 "explosion, muddy, top right"
tile 107 "explosion, muddy, middle left"
tile 108 "explosion, muddy, middle center"
tile 109 "explosion, muddy, middle right"
tile 110 "explosion, muddy, bottom left"
tile 111 "explosion, muddy, bottom center"
tile 112 "explosion, muddy, bottom right"
tile 113 "explosion, wet, top left"
tile 114 "explosion, wet, top center"
tile 115 "explosion, wet, top right"
tile 116 "explosion, wet, middle left"
tile 117 "explosion, wet, middle center"
tile 118 "explosion, wet, middle right"
tile 119 "explosion, wet, bottom left"
tile 120 "explosion, wet, bottom center"
tile 121 "explosion, wet, bottom right"
tile 122 "explosion, magical, top left"
tile 123 "explosion, magical, top center"
tile 124 "explosion, magical, top right"
tile 125 "explosion, magical, middle left"
tile 126 "explosion, magical, middle center"
tile 127 "explosion, magical, middle right"
tile 128 "explosion, magical, bottom left"
tile 129 "explosion, magical, bottom center"
tile 130 "explosion, magical, bottom right"
tile 131 "explosion, fiery, top left"
tile 132 "explosion, fiery, top center"
tile 133 "explosion, fiery, top right"
tile 134 "explosion, fiery, middle left"
tile 135 "explosion, fiery, middle center"
tile 136 "explosion, fiery, middle right"
tile 137 "explosion, fiery, bottom left"
tile 138 "explosion, fiery, bottom center"
tile 139 "explosion, fiery, bottom right"
tile 140 "explosion, frosty, top left"
tile 141 "explosion, frosty, top center"
tile 142 "explosion, frosty, top right"
tile 143 "explosion, frosty, middle left"
tile 144 "explosion, frosty, middle center"
tile 145 "explosion, frosty, middle right"
tile 146 "explosion, frosty, bottom left"
tile 147 "explosion, frosty, bottom center"
tile 148 "explosion, frosty, bottom right"
tile 149 "zap, magic missile, vertical"
tile 150 "zap, magic missile, horizontal"
tile 151 "zap, magic missile, left slant"
tile 152 "zap, magic missile, right slant"
tile 153 "zap, fire, vertical"
tile 154 "zap, fire, horizontal"
tile 155 "zap, fire, left slant"
tile 156 "zap, fire, right slant"
tile 157 "zap, cold, vertical"
tile 158 "zap, cold, horizontal"
tile 159 "zap, cold, left slant"
tile 160 "zap, cold, right slant"
tile 161 "zap, sleep, vertical"
tile 162 "zap, sleep, horizontal"
tile 163 "zap, sleep, left slant"
tile 164 "zap, sleep, right slant"
tile 165 "zap, death, vertical"
tile 166 "zap, death, horizontal"
tile 167 "zap, death, left slant"
tile 168 "zap, death, right slant"
tile 169 "zap, lightning, vertical"
tile 170 "zap, lightning, horizontal"
tile 171 "zap, lightning, left slant"
tile 172 "zap, lightning, right slant"
tile 173 "zap, poison gas, vertical"
tile 174 "zap, poison gas, horizontal"
tile 175 "zap, poison gas, left slant"
tile 176 "zap, poison gas, right slant"
tile 177 "zap, acid, vertical"
tile 178 "zap, acid, horizontal"
tile 179 "zap, acid, left slant"
tile 180 "zap, acid, right slant"
tile 181 "warning, 0"
tile 182 "warning, 1"
tile 183 "warning, 2"
tile 184 "warning, 3"
tile 185 "warning, 4"
tile 186 "warning, 5"
tile 187 "cmap, wall, vertical, mine"
tile 188 "cmap, wall, horizontal, mine"
tile 189 "cmap, wall, top left corner, mine"
tile 190 "cmap, wall, top right corner, mine"
tile 191 "cmap, wall, bottom left corner, mine"
tile 192 "cmap, wall, bottom right corner, mine"
tile 193 "cmap, wall, crosswall, mine"
tile 194 "cmap, wall, tee up, mine"
tile 195 "cmap, wall, tee down, mine"
tile 196 "cmap, wall, tee left, mine"
tile 197 "cmap, wall, tee right, mine"
tile 198 "cmap, wall, vertical, gehennom"
tile 199 "cmap, wall, horizontal, gehennom"
tile 200 "cmap, wall, top left corner, gehennom"
tile 201 "cmap, wall, top right corner, gehennom"
tile 202 "cmap, wall, bottom left corner, gehennom"
tile 203 "cmap, wall, bottom right corner, gehennom"
tile 204 "cmap, wall, crosswall, gehennom"
tile 205 "cmap, wall, tee up, gehennom"
tile 206 "cmap, wall, tee down, gehennom"
tile 207 "cmap, wall, tee left, gehennom"
tile 208 "cmap, wall, tee right, gehennom"
tile 209 "cmap, wall, vertical, knox"
tile 210 "cmap, wall, horizontal, knox"
tile 211 "cmap, wall, top left corner, knox"
tile 212 "cmap, wall, top right corner, knox"
tile 213 "cmap, wall, bottom left corner, knox"
tile 214 "cmap, wall, bottom right corner, knox"
tile 215 "cmap, wall, crosswall, knox"
tile 216 "cmap, wall, tee up, knox"
tile 217 "cmap, wall, tee down, knox"
tile 218 "cmap, wall, tee left, knox"
tile 219 "cmap, wall, tee right, knox"
tile 220 "cmap, wall, vertical, sokoban"
tile 221 "cmap, wall, horizontal, sokoban"
tile 222 "cmap, wall, top left corner, sokoban"
tile 223 "cmap, wall, top right corner, sokoban"
tile 224 "cmap, wall, bottom left corner, sokoban"
tile 225 "cmap, wall, bottom right corner, sokoban"
tile 226 "cmap, wall, crosswall, sokoban"
tile 227 "cmap, wall, tee up, sokoban"
tile 228 "cmap, wall, tee down, sokoban"
tile 229 "cmap, wall, tee left, sokoban"
tile 230 "cmap, wall, tee right, sokoban"
